校验导入运行结果页面已启动：http://127.0.0.1:8070/
按 Ctrl+C 停止服务
[23/Jul/2026 10:12:09] "POST /api/test-case-update HTTP/1.1" 400 -
[23/Jul/2026 10:12:09] "GET /static/app.js HTTP/1.1" 200 -
 in <module>
    main()
  File "/Users/huangjie/workspace/workspace_tools/cloud_account_test/server.py", line 1242, in main
    server = ThreadingHTTPServer((args.host, args.port), ValidateViewerHandler)
             ^^^^^^^^^^^^^^^^^^^^^^^^^^^^^^^^^^^^^^^^^^^^^^^^^^^^^^^^^^^^^^^^^^
  File "/Library/Frameworks/Python.framework/Versions/3.12/lib/python3.12/socketserver.py", line 457, in __init__
    self.server_bind()
  File "/Library/Frameworks/Python.framework/Versions/3.12/lib/python3.12/http/server.py", line 136, in server_bind
    socketserver.TCPServer.server_bind(self)
  File "/Library/Frameworks/Python.framework/Versions/3.12/lib/python3.12/socketserver.py", line 473, in server_bind
    self.socket.bind(self.server_address)
OSError: [Errno 48] Address already in use
校验导入运行结果页面已启动：http://127.0.0.1:8070/
按 Ctrl+C 停止服务
[23/Jul/2026 10:12:19] "POST /api/test-cases HTTP/1.1" 200 -
[23/Jul/2026 10:12:22] "POST /api/test-cases HTTP/1.1" 200 -
[23/Jul/2026 10:12:26] "POST /api/test-cases HTTP/1.1" 200 -
[23/Jul/2026 10:12:32] "POST /api/test-cases HTTP/1.1" 200 -
[23/Jul/2026 10:12:34] "POST /api/test-cases HTTP/1.1" 200 -
[23/Jul/2026 10:12:38] "POST /api/test-cases HTTP/1.1" 200 -
[23/Jul/2026 10:12:55] "GET / HTTP/1.1" 200 -
[23/Jul/2026 10:12:55] code 404, message Not Found
[23/Jul/2026 10:12:55] "GET /.well-known/appspecific/com.chrome.devtools.json HTTP/1.1" 404 -
[23/Jul/2026 10:12:55] "GET /static/app.js HTTP/1.1" 200 -
[23/Jul/2026 10:12:55] "GET /static/styles.css HTTP/1.1" 200 -
[23/Jul/2026 10:12:55] "GET /api/config HTTP/1.1" 200 -
[23/Jul/2026 10:12:56] "GET /api/document-labels HTTP/1.1" 200 -
[23/Jul/2026 10:12:58] "POST /api/test-cases HTTP/1.1" 200 -
[23/Jul/2026 10:13:20] "POST /api/test-case-update HTTP/1.1" 200 -
[23/Jul/2026 10:13:21] "POST /api/test-cases HTTP/1.1" 200 -
[23/Jul/2026 10:13:43] "POST /api/test-cases HTTP/1.1" 200 -
[23/Jul/2026 10:15:12] "POST /api/document-query HTTP/1.1" 200 -
[23/Jul/2026 10:20:04] "GET / HTTP/1.1" 200 -
[23/Jul/2026 10:20:04] "GET /static/styles.css HTTP/1.1" 200 -
[23/Jul/2026 10:20:04] "GET /static/app.js HTTP/1.1" 200 -
[23/Jul/2026 10:20:04] "GET /api/config HTTP/1.1" 200 -
[23/Jul/2026 10:20:04] "GET /api/document-labels HTTP/1.1" 200 -
[23/Jul/2026 10:20:15] "POST /api/test-cases HTTP/1.1" 200 -
